[2025-06-20T00:46:03.930+0300][0.003s][info][gc] Using G1
[2025-06-20T00:46:03.931+0300][0.004s][info][gc,init] Version: 17.0.15+6-LTS (release)
[2025-06-20T00:46:03.932+0300][0.004s][info][gc,init] CPUs: 12 total, 12 available
[2025-06-20T00:46:03.932+0300][0.004s][info][gc,init] Memory: 7793M
[2025-06-20T00:46:03.932+0300][0.004s][info][gc,init] Large Page Support: Disabled
[2025-06-20T00:46:03.932+0300][0.004s][info][gc,init] NUMA Support: Disabled
[2025-06-20T00:46:03.932+0300][0.004s][info][gc,init] Compressed Oops: Enabled (32-bit)
[2025-06-20T00:46:03.932+0300][0.004s][info][gc,init] Heap Region Size: 1M
[2025-06-20T00:46:03.932+0300][0.004s][info][gc,init] Heap Min Capacity: 8M
[2025-06-20T00:46:03.932+0300][0.004s][info][gc,init] Heap Initial Capacity: 122M
[2025-06-20T00:46:03.932+0300][0.004s][info][gc,init] Heap Max Capacity: 1950M
[2025-06-20T00:46:03.932+0300][0.004s][info][gc,init] Pre-touch: Disabled
[2025-06-20T00:46:03.932+0300][0.004s][info][gc,init] Parallel Workers: 10
[2025-06-20T00:46:03.932+0300][0.004s][info][gc,init] Concurrent Workers: 3
[2025-06-20T00:46:03.932+0300][0.004s][info][gc,init] Concurrent Refinement Workers: 10
[2025-06-20T00:46:03.932+0300][0.004s][info][gc,init] Periodic GC: Disabled
[2025-06-20T00:46:03.937+0300][0.010s][info][gc,metaspace] CDS archive(s) mapped at: [0x00007937b2000000-0x00007937b2bc9000-0x00007937b2bc9000), size 12357632, SharedBaseAddress: 0x00007937b2000000, ArchiveRelocationMode: 1.
[2025-06-20T00:46:03.937+0300][0.010s][info][gc,metaspace] Compressed class space mapped at: 0x00007937b3000000-0x00007937f3000000, reserved size: 1073741824
[2025-06-20T00:46:03.937+0300][0.010s][info][gc,metaspace] Narrow klass base: 0x00007937b2000000, Narrow klass shift: 0, Narrow klass range: 0x100000000
[2025-06-20T00:46:04.454+0300][0.527s][info][gc,start    ] GC(0) Pause Young (Normal) (G1 Evacuation Pause)
[2025-06-20T00:46:04.454+0300][0.527s][info][gc,task     ] GC(0) Using 2 workers of 10 for evacuation
[2025-06-20T00:46:04.463+0300][0.535s][info][gc,phases   ] GC(0)   Pre Evacuate Collection Set: 0.1ms
[2025-06-20T00:46:04.463+0300][0.535s][info][gc,phases   ] GC(0)   Merge Heap Roots: 0.2ms
[2025-06-20T00:46:04.463+0300][0.535s][info][gc,phases   ] GC(0)   Evacuate Collection Set: 6.5ms
[2025-06-20T00:46:04.463+0300][0.535s][info][gc,phases   ] GC(0)   Post Evacuate Collection Set: 1.2ms
[2025-06-20T00:46:04.463+0300][0.535s][info][gc,phases   ] GC(0)   Other: 0.4ms
[2025-06-20T00:46:04.463+0300][0.535s][info][gc,heap     ] GC(0) Eden regions: 23->0(32)
[2025-06-20T00:46:04.463+0300][0.535s][info][gc,heap     ] GC(0) Survivor regions: 0->3(3)
[2025-06-20T00:46:04.463+0300][0.535s][info][gc,heap     ] GC(0) Old regions: 0->2
[2025-06-20T00:46:04.463+0300][0.535s][info][gc,heap     ] GC(0) Archive regions: 2->2
[2025-06-20T00:46:04.463+0300][0.535s][info][gc,heap     ] GC(0) Humongous regions: 0->0
[2025-06-20T00:46:04.463+0300][0.535s][info][gc,metaspace] GC(0) Metaspace: 7575K(7872K)->7575K(7872K) NonClass: 6715K(6848K)->6715K(6848K) Class: 860K(1024K)->860K(1024K)
[2025-06-20T00:46:04.463+0300][0.535s][info][gc          ] GC(0) Pause Young (Normal) (G1 Evacuation Pause) 23M->5M(124M) 8.547ms
[2025-06-20T00:46:04.463+0300][0.535s][info][gc,cpu      ] GC(0) User=0.02s Sys=0.01s Real=0.01s
[2025-06-20T00:46:04.862+0300][0.934s][info][gc,start    ] GC(1) Pause Young (Normal) (G1 Evacuation Pause)
[2025-06-20T00:46:04.863+0300][0.935s][info][gc,task     ] GC(1) Using 10 workers of 10 for evacuation
[2025-06-20T00:46:04.867+0300][0.940s][info][gc,phases   ] GC(1)   Pre Evacuate Collection Set: 0.3ms
[2025-06-20T00:46:04.867+0300][0.940s][info][gc,phases   ] GC(1)   Merge Heap Roots: 0.2ms
[2025-06-20T00:46:04.867+0300][0.940s][info][gc,phases   ] GC(1)   Evacuate Collection Set: 2.9ms
[2025-06-20T00:46:04.867+0300][0.940s][info][gc,phases   ] GC(1)   Post Evacuate Collection Set: 0.7ms
[2025-06-20T00:46:04.867+0300][0.940s][info][gc,phases   ] GC(1)   Other: 1.2ms
[2025-06-20T00:46:04.867+0300][0.940s][info][gc,heap     ] GC(1) Eden regions: 29->0(58)
[2025-06-20T00:46:04.867+0300][0.940s][info][gc,heap     ] GC(1) Survivor regions: 3->4(4)
[2025-06-20T00:46:04.867+0300][0.940s][info][gc,heap     ] GC(1) Old regions: 2->6
[2025-06-20T00:46:04.867+0300][0.940s][info][gc,heap     ] GC(1) Archive regions: 2->2
[2025-06-20T00:46:04.867+0300][0.940s][info][gc,heap     ] GC(1) Humongous regions: 0->0
[2025-06-20T00:46:04.867+0300][0.940s][info][gc,metaspace] GC(1) Metaspace: 13926K(14336K)->13926K(14336K) NonClass: 12311K(12544K)->12311K(12544K) Class: 1614K(1792K)->1614K(1792K)
[2025-06-20T00:46:04.867+0300][0.940s][info][gc          ] GC(1) Pause Young (Normal) (G1 Evacuation Pause) 34M->9M(124M) 5.315ms
[2025-06-20T00:46:04.867+0300][0.940s][info][gc,cpu      ] GC(1) User=0.01s Sys=0.02s Real=0.00s
[2025-06-20T00:46:05.116+0300][1.189s][info][gc,start    ] GC(2) Pause Young (Normal) (G1 Evacuation Pause)
[2025-06-20T00:46:05.116+0300][1.189s][info][gc,task     ] GC(2) Using 10 workers of 10 for evacuation
[2025-06-20T00:46:05.123+0300][1.195s][info][gc,phases   ] GC(2)   Pre Evacuate Collection Set: 0.2ms
[2025-06-20T00:46:05.123+0300][1.195s][info][gc,phases   ] GC(2)   Merge Heap Roots: 0.2ms
[2025-06-20T00:46:05.123+0300][1.195s][info][gc,phases   ] GC(2)   Evacuate Collection Set: 5.5ms
[2025-06-20T00:46:05.123+0300][1.195s][info][gc,phases   ] GC(2)   Post Evacuate Collection Set: 0.9ms
[2025-06-20T00:46:05.123+0300][1.195s][info][gc,phases   ] GC(2)   Other: 0.2ms
[2025-06-20T00:46:05.123+0300][1.196s][info][gc,heap     ] GC(2) Eden regions: 58->0(55)
[2025-06-20T00:46:05.123+0300][1.196s][info][gc,heap     ] GC(2) Survivor regions: 4->8(8)
[2025-06-20T00:46:05.123+0300][1.196s][info][gc,heap     ] GC(2) Old regions: 6->10
[2025-06-20T00:46:05.123+0300][1.196s][info][gc,heap     ] GC(2) Archive regions: 2->2
[2025-06-20T00:46:05.123+0300][1.196s][info][gc,heap     ] GC(2) Humongous regions: 0->0
[2025-06-20T00:46:05.123+0300][1.196s][info][gc,metaspace] GC(2) Metaspace: 19913K(20608K)->19913K(20608K) NonClass: 17546K(17984K)->17546K(17984K) Class: 2366K(2624K)->2366K(2624K)
[2025-06-20T00:46:05.123+0300][1.196s][info][gc          ] GC(2) Pause Young (Normal) (G1 Evacuation Pause) 67M->18M(124M) 6.943ms
[2025-06-20T00:46:05.123+0300][1.196s][info][gc,cpu      ] GC(2) User=0.04s Sys=0.02s Real=0.01s
[2025-06-20T00:46:05.145+0300][1.218s][info][gc,start    ] GC(3) Pause Young (Concurrent Start) (Metadata GC Threshold)
[2025-06-20T00:46:05.145+0300][1.218s][info][gc,task     ] GC(3) Using 10 workers of 10 for evacuation
[2025-06-20T00:46:05.150+0300][1.223s][info][gc,phases   ] GC(3)   Pre Evacuate Collection Set: 0.3ms
[2025-06-20T00:46:05.150+0300][1.223s][info][gc,phases   ] GC(3)   Merge Heap Roots: 0.2ms
[2025-06-20T00:46:05.150+0300][1.223s][info][gc,phases   ] GC(3)   Evacuate Collection Set: 3.5ms
[2025-06-20T00:46:05.150+0300][1.223s][info][gc,phases   ] GC(3)   Post Evacuate Collection Set: 0.7ms
[2025-06-20T00:46:05.150+0300][1.223s][info][gc,phases   ] GC(3)   Other: 0.6ms
[2025-06-20T00:46:05.150+0300][1.223s][info][gc,heap     ] GC(3) Eden regions: 8->0(58)
[2025-06-20T00:46:05.150+0300][1.223s][info][gc,heap     ] GC(3) Survivor regions: 8->2(8)
[2025-06-20T00:46:05.150+0300][1.223s][info][gc,heap     ] GC(3) Old regions: 10->18
[2025-06-20T00:46:05.150+0300][1.223s][info][gc,heap     ] GC(3) Archive regions: 2->2
[2025-06-20T00:46:05.150+0300][1.223s][info][gc,heap     ] GC(3) Humongous regions: 0->0
[2025-06-20T00:46:05.150+0300][1.223s][info][gc,metaspace] GC(3) Metaspace: 20730K(21504K)->20730K(21504K) NonClass: 18221K(18688K)->18221K(18688K) Class: 2509K(2816K)->2509K(2816K)
[2025-06-20T00:46:05.150+0300][1.223s][info][gc          ] GC(3) Pause Young (Concurrent Start) (Metadata GC Threshold) 25M->20M(124M) 5.303ms
[2025-06-20T00:46:05.150+0300][1.223s][info][gc,cpu      ] GC(3) User=0.03s Sys=0.01s Real=0.00s
[2025-06-20T00:46:05.150+0300][1.223s][info][gc          ] GC(4) Concurrent Mark Cycle
[2025-06-20T00:46:05.150+0300][1.223s][info][gc,marking  ] GC(4) Concurrent Clear Claimed Marks
[2025-06-20T00:46:05.150+0300][1.223s][info][gc,marking  ] GC(4) Concurrent Clear Claimed Marks 0.044ms
[2025-06-20T00:46:05.150+0300][1.223s][info][gc,marking  ] GC(4) Concurrent Scan Root Regions
[2025-06-20T00:46:05.153+0300][1.226s][info][gc,marking  ] GC(4) Concurrent Scan Root Regions 2.797ms
[2025-06-20T00:46:05.153+0300][1.226s][info][gc,marking  ] GC(4) Concurrent Mark
[2025-06-20T00:46:05.153+0300][1.226s][info][gc,marking  ] GC(4) Concurrent Mark From Roots
[2025-06-20T00:46:05.153+0300][1.226s][info][gc,task     ] GC(4) Using 3 workers of 3 for marking
[2025-06-20T00:46:05.168+0300][1.240s][info][gc,marking  ] GC(4) Concurrent Mark From Roots 14.468ms
[2025-06-20T00:46:05.168+0300][1.240s][info][gc,marking  ] GC(4) Concurrent Preclean
[2025-06-20T00:46:05.168+0300][1.241s][info][gc,marking  ] GC(4) Concurrent Preclean 0.173ms
[2025-06-20T00:46:05.168+0300][1.241s][info][gc,start    ] GC(4) Pause Remark
[2025-06-20T00:46:05.172+0300][1.244s][info][gc          ] GC(4) Pause Remark 24M->24M(90M) 3.619ms
[2025-06-20T00:46:05.172+0300][1.245s][info][gc,cpu      ] GC(4) User=0.03s Sys=0.00s Real=0.00s
[2025-06-20T00:46:05.172+0300][1.245s][info][gc,marking  ] GC(4) Concurrent Mark 19.053ms
[2025-06-20T00:46:05.172+0300][1.245s][info][gc,marking  ] GC(4) Concurrent Rebuild Remembered Sets
[2025-06-20T00:46:05.177+0300][1.249s][info][gc,marking  ] GC(4) Concurrent Rebuild Remembered Sets 4.188ms
[2025-06-20T00:46:05.177+0300][1.250s][info][gc,start    ] GC(4) Pause Cleanup
[2025-06-20T00:46:05.177+0300][1.250s][info][gc          ] GC(4) Pause Cleanup 25M->25M(90M) 0.247ms
[2025-06-20T00:46:05.177+0300][1.250s][info][gc,cpu      ] GC(4) User=0.00s Sys=0.00s Real=0.00s
[2025-06-20T00:46:05.178+0300][1.250s][info][gc,marking  ] GC(4) Concurrent Cleanup for Next Mark
[2025-06-20T00:46:05.178+0300][1.251s][info][gc,marking  ] GC(4) Concurrent Cleanup for Next Mark 0.842ms
[2025-06-20T00:46:05.179+0300][1.251s][info][gc          ] GC(4) Concurrent Mark Cycle 28.193ms
[2025-06-20T00:46:05.620+0300][1.692s][info][gc,start    ] GC(5) Pause Young (Concurrent Start) (G1 Evacuation Pause)
[2025-06-20T00:46:05.620+0300][1.692s][info][gc,task     ] GC(5) Using 10 workers of 10 for evacuation
[2025-06-20T00:46:05.626+0300][1.699s][info][gc,phases   ] GC(5)   Pre Evacuate Collection Set: 0.3ms
[2025-06-20T00:46:05.626+0300][1.699s][info][gc,phases   ] GC(5)   Merge Heap Roots: 0.2ms
[2025-06-20T00:46:05.626+0300][1.699s][info][gc,phases   ] GC(5)   Evacuate Collection Set: 5.0ms
[2025-06-20T00:46:05.626+0300][1.699s][info][gc,phases   ] GC(5)   Post Evacuate Collection Set: 1.1ms
[2025-06-20T00:46:05.626+0300][1.699s][info][gc,phases   ] GC(5)   Other: 0.2ms
[2025-06-20T00:46:05.626+0300][1.699s][info][gc,heap     ] GC(5) Eden regions: 58->0(36)
[2025-06-20T00:46:05.626+0300][1.699s][info][gc,heap     ] GC(5) Survivor regions: 2->8(8)
[2025-06-20T00:46:05.626+0300][1.699s][info][gc,heap     ] GC(5) Old regions: 18->18
[2025-06-20T00:46:05.626+0300][1.699s][info][gc,heap     ] GC(5) Archive regions: 2->2
[2025-06-20T00:46:05.626+0300][1.699s][info][gc,heap     ] GC(5) Humongous regions: 1->1
[2025-06-20T00:46:05.626+0300][1.699s][info][gc,metaspace] GC(5) Metaspace: 32376K(33664K)->32376K(33664K) NonClass: 27957K(28736K)->27957K(28736K) Class: 4418K(4928K)->4418K(4928K)
[2025-06-20T00:46:05.626+0300][1.699s][info][gc          ] GC(5) Pause Young (Concurrent Start) (G1 Evacuation Pause) 79M->27M(90M) 6.768ms
[2025-06-20T00:46:05.626+0300][1.699s][info][gc,cpu      ] GC(5) User=0.05s Sys=0.01s Real=0.01s
[2025-06-20T00:46:05.626+0300][1.699s][info][gc          ] GC(6) Concurrent Mark Cycle
[2025-06-20T00:46:05.626+0300][1.699s][info][gc,marking  ] GC(6) Concurrent Clear Claimed Marks
[2025-06-20T00:46:05.626+0300][1.699s][info][gc,marking  ] GC(6) Concurrent Clear Claimed Marks 0.054ms
[2025-06-20T00:46:05.626+0300][1.699s][info][gc,marking  ] GC(6) Concurrent Scan Root Regions
[2025-06-20T00:46:05.630+0300][1.703s][info][gc,marking  ] GC(6) Concurrent Scan Root Regions 3.951ms
[2025-06-20T00:46:05.631+0300][1.703s][info][gc,marking  ] GC(6) Concurrent Mark
[2025-06-20T00:46:05.631+0300][1.703s][info][gc,marking  ] GC(6) Concurrent Mark From Roots
[2025-06-20T00:46:05.631+0300][1.703s][info][gc,task     ] GC(6) Using 3 workers of 3 for marking
[2025-06-20T00:46:05.642+0300][1.715s][info][gc,marking  ] GC(6) Concurrent Mark From Roots 11.887ms
[2025-06-20T00:46:05.642+0300][1.715s][info][gc,marking  ] GC(6) Concurrent Preclean
[2025-06-20T00:46:05.643+0300][1.715s][info][gc,marking  ] GC(6) Concurrent Preclean 0.174ms
[2025-06-20T00:46:05.643+0300][1.716s][info][gc,start    ] GC(6) Pause Remark
[2025-06-20T00:46:05.645+0300][1.718s][info][gc          ] GC(6) Pause Remark 29M->29M(90M) 2.547ms
[2025-06-20T00:46:05.645+0300][1.718s][info][gc,cpu      ] GC(6) User=0.00s Sys=0.01s Real=0.00s
[2025-06-20T00:46:05.646+0300][1.718s][info][gc,marking  ] GC(6) Concurrent Mark 15.179ms
[2025-06-20T00:46:05.646+0300][1.718s][info][gc,marking  ] GC(6) Concurrent Rebuild Remembered Sets
[2025-06-20T00:46:05.650+0300][1.722s][info][gc,marking  ] GC(6) Concurrent Rebuild Remembered Sets 3.986ms
[2025-06-20T00:46:05.650+0300][1.723s][info][gc,start    ] GC(6) Pause Cleanup
[2025-06-20T00:46:05.650+0300][1.723s][info][gc          ] GC(6) Pause Cleanup 30M->30M(90M) 0.243ms
[2025-06-20T00:46:05.650+0300][1.723s][info][gc,cpu      ] GC(6) User=0.00s Sys=0.00s Real=0.00s
[2025-06-20T00:46:05.650+0300][1.723s][info][gc,marking  ] GC(6) Concurrent Cleanup for Next Mark
[2025-06-20T00:46:05.651+0300][1.724s][info][gc,marking  ] GC(6) Concurrent Cleanup for Next Mark 0.983ms
[2025-06-20T00:46:05.651+0300][1.724s][info][gc          ] GC(6) Concurrent Mark Cycle 24.956ms
[2025-06-20T00:46:05.714+0300][1.787s][info][gc,heap,exit] Heap
[2025-06-20T00:46:05.715+0300][1.787s][info][gc,heap,exit]  garbage-first heap   total 92160K, used 35769K [0x0000000086200000, 0x0000000100000000)
[2025-06-20T00:46:05.715+0300][1.787s][info][gc,heap,exit]   region size 1024K, 16 young (16384K), 8 survivors (8192K)
[2025-06-20T00:46:05.715+0300][1.787s][info][gc,heap,exit]  Metaspace       used 33519K, committed 34880K, reserved 1114112K
[2025-06-20T00:46:05.715+0300][1.787s][info][gc,heap,exit]   class space    used 4645K, committed 5120K, reserved 1048576K
