[2025-06-20T00:48:08.956+0300][0.003s][info][gc] Using G1
[2025-06-20T00:48:08.957+0300][0.004s][info][gc,init] Version: 17.0.15+6-LTS (release)
[2025-06-20T00:48:08.958+0300][0.005s][info][gc,init] CPUs: 12 total, 12 available
[2025-06-20T00:48:08.958+0300][0.005s][info][gc,init] Memory: 7793M
[2025-06-20T00:48:08.958+0300][0.005s][info][gc,init] Large Page Support: Disabled
[2025-06-20T00:48:08.958+0300][0.005s][info][gc,init] NUMA Support: Disabled
[2025-06-20T00:48:08.958+0300][0.005s][info][gc,init] Compressed Oops: Enabled (32-bit)
[2025-06-20T00:48:08.958+0300][0.005s][info][gc,init] Heap Region Size: 1M
[2025-06-20T00:48:08.958+0300][0.005s][info][gc,init] Heap Min Capacity: 8M
[2025-06-20T00:48:08.958+0300][0.005s][info][gc,init] Heap Initial Capacity: 122M
[2025-06-20T00:48:08.958+0300][0.005s][info][gc,init] Heap Max Capacity: 1950M
[2025-06-20T00:48:08.958+0300][0.005s][info][gc,init] Pre-touch: Disabled
[2025-06-20T00:48:08.958+0300][0.005s][info][gc,init] Parallel Workers: 10
[2025-06-20T00:48:08.958+0300][0.005s][info][gc,init] Concurrent Workers: 3
[2025-06-20T00:48:08.958+0300][0.005s][info][gc,init] Concurrent Refinement Workers: 10
[2025-06-20T00:48:08.958+0300][0.005s][info][gc,init] Periodic GC: Disabled
[2025-06-20T00:48:08.963+0300][0.010s][info][gc,metaspace] CDS archive(s) mapped at: [0x000071c095000000-0x000071c095bc9000-0x000071c095bc9000), size 12357632, SharedBaseAddress: 0x000071c095000000, ArchiveRelocationMode: 1.
[2025-06-20T00:48:08.963+0300][0.010s][info][gc,metaspace] Compressed class space mapped at: 0x000071c096000000-0x000071c0d6000000, reserved size: 1073741824
[2025-06-20T00:48:08.963+0300][0.010s][info][gc,metaspace] Narrow klass base: 0x000071c095000000, Narrow klass shift: 0, Narrow klass range: 0x100000000
[2025-06-20T00:48:09.426+0300][0.473s][info][gc,start    ] GC(0) Pause Young (Normal) (G1 Evacuation Pause)
[2025-06-20T00:48:09.426+0300][0.473s][info][gc,task     ] GC(0) Using 2 workers of 10 for evacuation
[2025-06-20T00:48:09.434+0300][0.481s][info][gc,phases   ] GC(0)   Pre Evacuate Collection Set: 0.1ms
[2025-06-20T00:48:09.434+0300][0.481s][info][gc,phases   ] GC(0)   Merge Heap Roots: 0.2ms
[2025-06-20T00:48:09.434+0300][0.481s][info][gc,phases   ] GC(0)   Evacuate Collection Set: 6.0ms
[2025-06-20T00:48:09.434+0300][0.481s][info][gc,phases   ] GC(0)   Post Evacuate Collection Set: 0.9ms
[2025-06-20T00:48:09.434+0300][0.481s][info][gc,phases   ] GC(0)   Other: 0.4ms
[2025-06-20T00:48:09.434+0300][0.481s][info][gc,heap     ] GC(0) Eden regions: 23->0(32)
[2025-06-20T00:48:09.434+0300][0.481s][info][gc,heap     ] GC(0) Survivor regions: 0->3(3)
[2025-06-20T00:48:09.434+0300][0.481s][info][gc,heap     ] GC(0) Old regions: 0->2
[2025-06-20T00:48:09.434+0300][0.481s][info][gc,heap     ] GC(0) Archive regions: 2->2
[2025-06-20T00:48:09.434+0300][0.481s][info][gc,heap     ] GC(0) Humongous regions: 0->0
[2025-06-20T00:48:09.434+0300][0.481s][info][gc,metaspace] GC(0) Metaspace: 7597K(7872K)->7597K(7872K) NonClass: 6743K(6912K)->6743K(6912K) Class: 854K(960K)->854K(960K)
[2025-06-20T00:48:09.434+0300][0.481s][info][gc          ] GC(0) Pause Young (Normal) (G1 Evacuation Pause) 23M->5M(124M) 7.649ms
[2025-06-20T00:48:09.434+0300][0.481s][info][gc,cpu      ] GC(0) User=0.02s Sys=0.00s Real=0.01s
[2025-06-20T00:48:09.824+0300][0.871s][info][gc,start    ] GC(1) Pause Young (Normal) (G1 Evacuation Pause)
[2025-06-20T00:48:09.825+0300][0.872s][info][gc,task     ] GC(1) Using 10 workers of 10 for evacuation
[2025-06-20T00:48:09.829+0300][0.876s][info][gc,phases   ] GC(1)   Pre Evacuate Collection Set: 0.1ms
[2025-06-20T00:48:09.829+0300][0.876s][info][gc,phases   ] GC(1)   Merge Heap Roots: 0.1ms
[2025-06-20T00:48:09.829+0300][0.876s][info][gc,phases   ] GC(1)   Evacuate Collection Set: 3.1ms
[2025-06-20T00:48:09.829+0300][0.876s][info][gc,phases   ] GC(1)   Post Evacuate Collection Set: 0.7ms
[2025-06-20T00:48:09.829+0300][0.876s][info][gc,phases   ] GC(1)   Other: 0.9ms
[2025-06-20T00:48:09.829+0300][0.876s][info][gc,heap     ] GC(1) Eden regions: 29->0(59)
[2025-06-20T00:48:09.829+0300][0.876s][info][gc,heap     ] GC(1) Survivor regions: 3->4(4)
[2025-06-20T00:48:09.829+0300][0.876s][info][gc,heap     ] GC(1) Old regions: 2->6
[2025-06-20T00:48:09.829+0300][0.876s][info][gc,heap     ] GC(1) Archive regions: 2->2
[2025-06-20T00:48:09.829+0300][0.876s][info][gc,heap     ] GC(1) Humongous regions: 0->0
[2025-06-20T00:48:09.829+0300][0.876s][info][gc,metaspace] GC(1) Metaspace: 13719K(14144K)->13719K(14144K) NonClass: 12131K(12352K)->12131K(12352K) Class: 1588K(1792K)->1588K(1792K)
[2025-06-20T00:48:09.829+0300][0.876s][info][gc          ] GC(1) Pause Young (Normal) (G1 Evacuation Pause) 34M->9M(124M) 5.136ms
[2025-06-20T00:48:09.829+0300][0.876s][info][gc,cpu      ] GC(1) User=0.02s Sys=0.01s Real=0.00s
[2025-06-20T00:48:10.093+0300][1.140s][info][gc,start    ] GC(2) Pause Young (Normal) (GCLocker Initiated GC)
[2025-06-20T00:48:10.093+0300][1.140s][info][gc,task     ] GC(2) Using 10 workers of 10 for evacuation
[2025-06-20T00:48:10.101+0300][1.149s][info][gc,phases   ] GC(2)   Pre Evacuate Collection Set: 0.2ms
[2025-06-20T00:48:10.102+0300][1.149s][info][gc,phases   ] GC(2)   Merge Heap Roots: 0.2ms
[2025-06-20T00:48:10.102+0300][1.149s][info][gc,phases   ] GC(2)   Evacuate Collection Set: 6.9ms
[2025-06-20T00:48:10.102+0300][1.149s][info][gc,phases   ] GC(2)   Post Evacuate Collection Set: 1.0ms
[2025-06-20T00:48:10.102+0300][1.149s][info][gc,phases   ] GC(2)   Other: 0.2ms
[2025-06-20T00:48:10.102+0300][1.149s][info][gc,heap     ] GC(2) Eden regions: 59->0(53)
[2025-06-20T00:48:10.102+0300][1.149s][info][gc,heap     ] GC(2) Survivor regions: 4->8(8)
[2025-06-20T00:48:10.102+0300][1.149s][info][gc,heap     ] GC(2) Old regions: 6->11
[2025-06-20T00:48:10.102+0300][1.149s][info][gc,heap     ] GC(2) Archive regions: 2->2
[2025-06-20T00:48:10.102+0300][1.149s][info][gc,heap     ] GC(2) Humongous regions: 0->0
[2025-06-20T00:48:10.102+0300][1.149s][info][gc,metaspace] GC(2) Metaspace: 19994K(20736K)->19994K(20736K) NonClass: 17611K(18048K)->17611K(18048K) Class: 2383K(2688K)->2383K(2688K)
[2025-06-20T00:48:10.102+0300][1.149s][info][gc          ] GC(2) Pause Young (Normal) (GCLocker Initiated GC) 68M->19M(124M) 8.561ms
[2025-06-20T00:48:10.102+0300][1.149s][info][gc,cpu      ] GC(2) User=0.07s Sys=0.00s Real=0.01s
[2025-06-20T00:48:10.119+0300][1.166s][info][gc,start    ] GC(3) Pause Young (Concurrent Start) (Metadata GC Threshold)
[2025-06-20T00:48:10.119+0300][1.166s][info][gc,task     ] GC(3) Using 10 workers of 10 for evacuation
[2025-06-20T00:48:10.123+0300][1.170s][info][gc,phases   ] GC(3)   Pre Evacuate Collection Set: 0.2ms
[2025-06-20T00:48:10.123+0300][1.170s][info][gc,phases   ] GC(3)   Merge Heap Roots: 0.2ms
[2025-06-20T00:48:10.123+0300][1.170s][info][gc,phases   ] GC(3)   Evacuate Collection Set: 3.3ms
[2025-06-20T00:48:10.123+0300][1.170s][info][gc,phases   ] GC(3)   Post Evacuate Collection Set: 0.7ms
[2025-06-20T00:48:10.123+0300][1.170s][info][gc,phases   ] GC(3)   Other: 0.3ms
[2025-06-20T00:48:10.123+0300][1.170s][info][gc,heap     ] GC(3) Eden regions: 8->0(57)
[2025-06-20T00:48:10.123+0300][1.171s][info][gc,heap     ] GC(3) Survivor regions: 8->2(8)
[2025-06-20T00:48:10.123+0300][1.171s][info][gc,heap     ] GC(3) Old regions: 11->19
[2025-06-20T00:48:10.123+0300][1.171s][info][gc,heap     ] GC(3) Archive regions: 2->2
[2025-06-20T00:48:10.123+0300][1.171s][info][gc,heap     ] GC(3) Humongous regions: 0->0
[2025-06-20T00:48:10.123+0300][1.171s][info][gc,metaspace] GC(3) Metaspace: 20702K(21504K)->20702K(21504K) NonClass: 18201K(18688K)->18201K(18688K) Class: 2501K(2816K)->2501K(2816K)
[2025-06-20T00:48:10.124+0300][1.171s][info][gc          ] GC(3) Pause Young (Concurrent Start) (Metadata GC Threshold) 26M->20M(124M) 4.725ms
[2025-06-20T00:48:10.124+0300][1.171s][info][gc,cpu      ] GC(3) User=0.03s Sys=0.02s Real=0.01s
[2025-06-20T00:48:10.124+0300][1.171s][info][gc          ] GC(4) Concurrent Mark Cycle
[2025-06-20T00:48:10.124+0300][1.171s][info][gc,marking  ] GC(4) Concurrent Clear Claimed Marks
[2025-06-20T00:48:10.124+0300][1.171s][info][gc,marking  ] GC(4) Concurrent Clear Claimed Marks 0.047ms
[2025-06-20T00:48:10.124+0300][1.171s][info][gc,marking  ] GC(4) Concurrent Scan Root Regions
[2025-06-20T00:48:10.126+0300][1.173s][info][gc,marking  ] GC(4) Concurrent Scan Root Regions 2.347ms
[2025-06-20T00:48:10.126+0300][1.173s][info][gc,marking  ] GC(4) Concurrent Mark
[2025-06-20T00:48:10.126+0300][1.173s][info][gc,marking  ] GC(4) Concurrent Mark From Roots
[2025-06-20T00:48:10.126+0300][1.173s][info][gc,task     ] GC(4) Using 3 workers of 3 for marking
[2025-06-20T00:48:10.136+0300][1.183s][info][gc,marking  ] GC(4) Concurrent Mark From Roots 9.427ms
[2025-06-20T00:48:10.136+0300][1.183s][info][gc,marking  ] GC(4) Concurrent Preclean
[2025-06-20T00:48:10.136+0300][1.183s][info][gc,marking  ] GC(4) Concurrent Preclean 0.141ms
[2025-06-20T00:48:10.136+0300][1.183s][info][gc,start    ] GC(4) Pause Remark
[2025-06-20T00:48:10.138+0300][1.185s][info][gc          ] GC(4) Pause Remark 23M->23M(87M) 2.473ms
[2025-06-20T00:48:10.138+0300][1.185s][info][gc,cpu      ] GC(4) User=0.01s Sys=0.00s Real=0.00s
[2025-06-20T00:48:10.139+0300][1.186s][info][gc,marking  ] GC(4) Concurrent Mark 12.530ms
[2025-06-20T00:48:10.139+0300][1.186s][info][gc,marking  ] GC(4) Concurrent Rebuild Remembered Sets
[2025-06-20T00:48:10.144+0300][1.191s][info][gc,marking  ] GC(4) Concurrent Rebuild Remembered Sets 5.438ms
[2025-06-20T00:48:10.144+0300][1.191s][info][gc,start    ] GC(4) Pause Cleanup
[2025-06-20T00:48:10.145+0300][1.192s][info][gc          ] GC(4) Pause Cleanup 23M->23M(87M) 0.270ms
[2025-06-20T00:48:10.145+0300][1.192s][info][gc,cpu      ] GC(4) User=0.01s Sys=0.00s Real=0.00s
[2025-06-20T00:48:10.145+0300][1.192s][info][gc,marking  ] GC(4) Concurrent Cleanup for Next Mark
[2025-06-20T00:48:10.146+0300][1.193s][info][gc,marking  ] GC(4) Concurrent Cleanup for Next Mark 0.775ms
[2025-06-20T00:48:10.146+0300][1.193s][info][gc          ] GC(4) Concurrent Mark Cycle 21.980ms
[2025-06-20T00:48:10.563+0300][1.610s][info][gc,start    ] GC(5) Pause Young (Concurrent Start) (G1 Evacuation Pause)
[2025-06-20T00:48:10.563+0300][1.610s][info][gc,task     ] GC(5) Using 10 workers of 10 for evacuation
[2025-06-20T00:48:10.572+0300][1.619s][info][gc,phases   ] GC(5)   Pre Evacuate Collection Set: 0.3ms
[2025-06-20T00:48:10.572+0300][1.619s][info][gc,phases   ] GC(5)   Merge Heap Roots: 0.2ms
[2025-06-20T00:48:10.572+0300][1.619s][info][gc,phases   ] GC(5)   Evacuate Collection Set: 6.5ms
[2025-06-20T00:48:10.572+0300][1.619s][info][gc,phases   ] GC(5)   Post Evacuate Collection Set: 1.4ms
[2025-06-20T00:48:10.572+0300][1.619s][info][gc,phases   ] GC(5)   Other: 0.2ms
[2025-06-20T00:48:10.572+0300][1.619s][info][gc,heap     ] GC(5) Eden regions: 57->0(45)
[2025-06-20T00:48:10.572+0300][1.619s][info][gc,heap     ] GC(5) Survivor regions: 2->8(8)
[2025-06-20T00:48:10.572+0300][1.619s][info][gc,heap     ] GC(5) Old regions: 19->19
[2025-06-20T00:48:10.572+0300][1.619s][info][gc,heap     ] GC(5) Archive regions: 2->2
[2025-06-20T00:48:10.572+0300][1.619s][info][gc,heap     ] GC(5) Humongous regions: 1->1
[2025-06-20T00:48:10.572+0300][1.619s][info][gc,metaspace] GC(5) Metaspace: 32590K(33920K)->32590K(33920K) NonClass: 28102K(28928K)->28102K(28928K) Class: 4487K(4992K)->4487K(4992K)
[2025-06-20T00:48:10.572+0300][1.619s][info][gc          ] GC(5) Pause Young (Concurrent Start) (G1 Evacuation Pause) 78M->28M(107M) 8.704ms
[2025-06-20T00:48:10.572+0300][1.619s][info][gc,cpu      ] GC(5) User=0.07s Sys=0.01s Real=0.00s
[2025-06-20T00:48:10.572+0300][1.619s][info][gc          ] GC(6) Concurrent Mark Cycle
[2025-06-20T00:48:10.572+0300][1.619s][info][gc,marking  ] GC(6) Concurrent Clear Claimed Marks
[2025-06-20T00:48:10.572+0300][1.619s][info][gc,marking  ] GC(6) Concurrent Clear Claimed Marks 0.065ms
[2025-06-20T00:48:10.572+0300][1.619s][info][gc,marking  ] GC(6) Concurrent Scan Root Regions
[2025-06-20T00:48:10.575+0300][1.623s][info][gc,marking  ] GC(6) Concurrent Scan Root Regions 3.462ms
[2025-06-20T00:48:10.576+0300][1.623s][info][gc,marking  ] GC(6) Concurrent Mark
[2025-06-20T00:48:10.576+0300][1.623s][info][gc,marking  ] GC(6) Concurrent Mark From Roots
[2025-06-20T00:48:10.576+0300][1.623s][info][gc,task     ] GC(6) Using 3 workers of 3 for marking
[2025-06-20T00:48:10.585+0300][1.632s][info][gc,marking  ] GC(6) Concurrent Mark From Roots 9.557ms
[2025-06-20T00:48:10.585+0300][1.632s][info][gc,marking  ] GC(6) Concurrent Preclean
[2025-06-20T00:48:10.585+0300][1.632s][info][gc,marking  ] GC(6) Concurrent Preclean 0.162ms
[2025-06-20T00:48:10.585+0300][1.632s][info][gc,start    ] GC(6) Pause Remark
[2025-06-20T00:48:10.588+0300][1.635s][info][gc          ] GC(6) Pause Remark 29M->29M(107M) 2.575ms
[2025-06-20T00:48:10.588+0300][1.635s][info][gc,cpu      ] GC(6) User=0.01s Sys=0.00s Real=0.00s
[2025-06-20T00:48:10.588+0300][1.635s][info][gc,marking  ] GC(6) Concurrent Mark 12.698ms
[2025-06-20T00:48:10.588+0300][1.635s][info][gc,marking  ] GC(6) Concurrent Rebuild Remembered Sets
[2025-06-20T00:48:10.594+0300][1.641s][info][gc,marking  ] GC(6) Concurrent Rebuild Remembered Sets 5.883ms
[2025-06-20T00:48:10.594+0300][1.641s][info][gc,start    ] GC(6) Pause Cleanup
[2025-06-20T00:48:10.595+0300][1.642s][info][gc          ] GC(6) Pause Cleanup 29M->29M(107M) 0.248ms
[2025-06-20T00:48:10.595+0300][1.642s][info][gc,cpu      ] GC(6) User=0.00s Sys=0.00s Real=0.00s
[2025-06-20T00:48:10.595+0300][1.642s][info][gc,marking  ] GC(6) Concurrent Cleanup for Next Mark
[2025-06-20T00:48:10.596+0300][1.643s][info][gc,marking  ] GC(6) Concurrent Cleanup for Next Mark 1.220ms
[2025-06-20T00:48:10.596+0300][1.643s][info][gc          ] GC(6) Concurrent Mark Cycle 24.056ms
[2025-06-20T00:48:10.649+0300][1.696s][info][gc,heap,exit] Heap
[2025-06-20T00:48:10.649+0300][1.696s][info][gc,heap,exit]  garbage-first heap   total 109568K, used 35156K [0x0000000086200000, 0x0000000100000000)
[2025-06-20T00:48:10.649+0300][1.696s][info][gc,heap,exit]   region size 1024K, 15 young (15360K), 8 survivors (8192K)
[2025-06-20T00:48:10.649+0300][1.696s][info][gc,heap,exit]  Metaspace       used 33273K, committed 34624K, reserved 1114112K
[2025-06-20T00:48:10.649+0300][1.696s][info][gc,heap,exit]   class space    used 4625K, committed 5184K, reserved 1048576K
