[2025-06-20T00:45:35.373+0300][0.003s][info][gc] Using G1
[2025-06-20T00:45:35.375+0300][0.004s][info][gc,init] Version: 17.0.15+6-LTS (release)
[2025-06-20T00:45:35.375+0300][0.004s][info][gc,init] CPUs: 12 total, 12 available
[2025-06-20T00:45:35.375+0300][0.004s][info][gc,init] Memory: 7793M
[2025-06-20T00:45:35.375+0300][0.004s][info][gc,init] Large Page Support: Disabled
[2025-06-20T00:45:35.375+0300][0.004s][info][gc,init] NUMA Support: Disabled
[2025-06-20T00:45:35.375+0300][0.004s][info][gc,init] Compressed Oops: Enabled (32-bit)
[2025-06-20T00:45:35.375+0300][0.004s][info][gc,init] Heap Region Size: 1M
[2025-06-20T00:45:35.375+0300][0.004s][info][gc,init] Heap Min Capacity: 8M
[2025-06-20T00:45:35.375+0300][0.004s][info][gc,init] Heap Initial Capacity: 122M
[2025-06-20T00:45:35.375+0300][0.004s][info][gc,init] Heap Max Capacity: 1950M
[2025-06-20T00:45:35.375+0300][0.004s][info][gc,init] Pre-touch: Disabled
[2025-06-20T00:45:35.375+0300][0.004s][info][gc,init] Parallel Workers: 10
[2025-06-20T00:45:35.375+0300][0.004s][info][gc,init] Concurrent Workers: 3
[2025-06-20T00:45:35.375+0300][0.004s][info][gc,init] Concurrent Refinement Workers: 10
[2025-06-20T00:45:35.375+0300][0.004s][info][gc,init] Periodic GC: Disabled
[2025-06-20T00:45:35.380+0300][0.010s][info][gc,metaspace] CDS archive(s) mapped at: [0x000071461f000000-0x000071461fbc9000-0x000071461fbc9000), size 12357632, SharedBaseAddress: 0x000071461f000000, ArchiveRelocationMode: 1.
[2025-06-20T00:45:35.381+0300][0.010s][info][gc,metaspace] Compressed class space mapped at: 0x0000714620000000-0x0000714660000000, reserved size: 1073741824
[2025-06-20T00:45:35.381+0300][0.010s][info][gc,metaspace] Narrow klass base: 0x000071461f000000, Narrow klass shift: 0, Narrow klass range: 0x100000000
[2025-06-20T00:45:36.034+0300][0.663s][info][gc,start    ] GC(0) Pause Young (Normal) (G1 Evacuation Pause)
[2025-06-20T00:45:36.034+0300][0.663s][info][gc,task     ] GC(0) Using 2 workers of 10 for evacuation
[2025-06-20T00:45:36.042+0300][0.671s][info][gc,phases   ] GC(0)   Pre Evacuate Collection Set: 0.1ms
[2025-06-20T00:45:36.042+0300][0.671s][info][gc,phases   ] GC(0)   Merge Heap Roots: 0.2ms
[2025-06-20T00:45:36.042+0300][0.671s][info][gc,phases   ] GC(0)   Evacuate Collection Set: 5.7ms
[2025-06-20T00:45:36.042+0300][0.671s][info][gc,phases   ] GC(0)   Post Evacuate Collection Set: 1.5ms
[2025-06-20T00:45:36.042+0300][0.671s][info][gc,phases   ] GC(0)   Other: 0.8ms
[2025-06-20T00:45:36.042+0300][0.671s][info][gc,heap     ] GC(0) Eden regions: 23->0(32)
[2025-06-20T00:45:36.042+0300][0.671s][info][gc,heap     ] GC(0) Survivor regions: 0->3(3)
[2025-06-20T00:45:36.042+0300][0.671s][info][gc,heap     ] GC(0) Old regions: 0->2
[2025-06-20T00:45:36.042+0300][0.671s][info][gc,heap     ] GC(0) Archive regions: 2->2
[2025-06-20T00:45:36.042+0300][0.671s][info][gc,heap     ] GC(0) Humongous regions: 0->0
[2025-06-20T00:45:36.042+0300][0.671s][info][gc,metaspace] GC(0) Metaspace: 7608K(7872K)->7608K(7872K) NonClass: 6748K(6848K)->6748K(6848K) Class: 860K(1024K)->860K(1024K)
[2025-06-20T00:45:36.042+0300][0.671s][info][gc          ] GC(0) Pause Young (Normal) (G1 Evacuation Pause) 23M->5M(124M) 8.714ms
[2025-06-20T00:45:36.042+0300][0.671s][info][gc,cpu      ] GC(0) User=0.02s Sys=0.01s Real=0.01s
[2025-06-20T00:45:36.577+0300][1.206s][info][gc,start    ] GC(1) Pause Young (Normal) (G1 Evacuation Pause)
[2025-06-20T00:45:36.578+0300][1.207s][info][gc,task     ] GC(1) Using 10 workers of 10 for evacuation
[2025-06-20T00:45:36.582+0300][1.212s][info][gc,phases   ] GC(1)   Pre Evacuate Collection Set: 0.3ms
[2025-06-20T00:45:36.582+0300][1.212s][info][gc,phases   ] GC(1)   Merge Heap Roots: 0.1ms
[2025-06-20T00:45:36.582+0300][1.212s][info][gc,phases   ] GC(1)   Evacuate Collection Set: 3.2ms
[2025-06-20T00:45:36.582+0300][1.212s][info][gc,phases   ] GC(1)   Post Evacuate Collection Set: 0.6ms
[2025-06-20T00:45:36.582+0300][1.212s][info][gc,phases   ] GC(1)   Other: 1.1ms
[2025-06-20T00:45:36.582+0300][1.212s][info][gc,heap     ] GC(1) Eden regions: 28->0(58)
[2025-06-20T00:45:36.582+0300][1.212s][info][gc,heap     ] GC(1) Survivor regions: 3->4(4)
[2025-06-20T00:45:36.582+0300][1.212s][info][gc,heap     ] GC(1) Old regions: 2->5
[2025-06-20T00:45:36.582+0300][1.212s][info][gc,heap     ] GC(1) Archive regions: 2->2
[2025-06-20T00:45:36.582+0300][1.212s][info][gc,heap     ] GC(1) Humongous regions: 0->0
[2025-06-20T00:45:36.582+0300][1.212s][info][gc,metaspace] GC(1) Metaspace: 13556K(14016K)->13556K(14016K) NonClass: 11984K(12224K)->11984K(12224K) Class: 1571K(1792K)->1571K(1792K)
[2025-06-20T00:45:36.582+0300][1.212s][info][gc          ] GC(1) Pause Young (Normal) (G1 Evacuation Pause) 33M->9M(124M) 5.445ms
[2025-06-20T00:45:36.582+0300][1.212s][info][gc,cpu      ] GC(1) User=0.03s Sys=0.00s Real=0.01s
[2025-06-20T00:45:36.900+0300][1.529s][info][gc,start    ] GC(2) Pause Young (Normal) (G1 Evacuation Pause)
[2025-06-20T00:45:36.900+0300][1.529s][info][gc,task     ] GC(2) Using 10 workers of 10 for evacuation
[2025-06-20T00:45:36.907+0300][1.536s][info][gc,phases   ] GC(2)   Pre Evacuate Collection Set: 0.3ms
[2025-06-20T00:45:36.907+0300][1.536s][info][gc,phases   ] GC(2)   Merge Heap Roots: 0.2ms
[2025-06-20T00:45:36.907+0300][1.536s][info][gc,phases   ] GC(2)   Evacuate Collection Set: 5.6ms
[2025-06-20T00:45:36.907+0300][1.536s][info][gc,phases   ] GC(2)   Post Evacuate Collection Set: 1.1ms
[2025-06-20T00:45:36.907+0300][1.536s][info][gc,phases   ] GC(2)   Other: 0.2ms
[2025-06-20T00:45:36.907+0300][1.536s][info][gc,heap     ] GC(2) Eden regions: 58->0(55)
[2025-06-20T00:45:36.907+0300][1.536s][info][gc,heap     ] GC(2) Survivor regions: 4->8(8)
[2025-06-20T00:45:36.907+0300][1.536s][info][gc,heap     ] GC(2) Old regions: 5->10
[2025-06-20T00:45:36.907+0300][1.536s][info][gc,heap     ] GC(2) Archive regions: 2->2
[2025-06-20T00:45:36.907+0300][1.536s][info][gc,heap     ] GC(2) Humongous regions: 0->0
[2025-06-20T00:45:36.907+0300][1.536s][info][gc,metaspace] GC(2) Metaspace: 19892K(20608K)->19892K(20608K) NonClass: 17512K(17984K)->17512K(17984K) Class: 2379K(2624K)->2379K(2624K)
[2025-06-20T00:45:36.907+0300][1.536s][info][gc          ] GC(2) Pause Young (Normal) (G1 Evacuation Pause) 67M->18M(124M) 7.428ms
[2025-06-20T00:45:36.907+0300][1.536s][info][gc,cpu      ] GC(2) User=0.04s Sys=0.01s Real=0.01s
[2025-06-20T00:45:36.928+0300][1.558s][info][gc,start    ] GC(3) Pause Young (Concurrent Start) (Metadata GC Threshold)
[2025-06-20T00:45:36.928+0300][1.558s][info][gc,task     ] GC(3) Using 10 workers of 10 for evacuation
[2025-06-20T00:45:36.933+0300][1.563s][info][gc,phases   ] GC(3)   Pre Evacuate Collection Set: 0.2ms
[2025-06-20T00:45:36.933+0300][1.563s][info][gc,phases   ] GC(3)   Merge Heap Roots: 0.2ms
[2025-06-20T00:45:36.933+0300][1.563s][info][gc,phases   ] GC(3)   Evacuate Collection Set: 3.5ms
[2025-06-20T00:45:36.933+0300][1.563s][info][gc,phases   ] GC(3)   Post Evacuate Collection Set: 0.7ms
[2025-06-20T00:45:36.933+0300][1.563s][info][gc,phases   ] GC(3)   Other: 0.4ms
[2025-06-20T00:45:36.933+0300][1.563s][info][gc,heap     ] GC(3) Eden regions: 10->0(60)
[2025-06-20T00:45:36.933+0300][1.563s][info][gc,heap     ] GC(3) Survivor regions: 8->2(8)
[2025-06-20T00:45:36.933+0300][1.563s][info][gc,heap     ] GC(3) Old regions: 10->19
[2025-06-20T00:45:36.933+0300][1.563s][info][gc,heap     ] GC(3) Archive regions: 2->2
[2025-06-20T00:45:36.933+0300][1.563s][info][gc,heap     ] GC(3) Humongous regions: 0->0
[2025-06-20T00:45:36.933+0300][1.563s][info][gc,metaspace] GC(3) Metaspace: 20773K(21504K)->20773K(21504K) NonClass: 18264K(18688K)->18264K(18688K) Class: 2508K(2816K)->2508K(2816K)
[2025-06-20T00:45:36.933+0300][1.563s][info][gc          ] GC(3) Pause Young (Concurrent Start) (Metadata GC Threshold) 27M->21M(124M) 4.989ms
[2025-06-20T00:45:36.933+0300][1.563s][info][gc,cpu      ] GC(3) User=0.02s Sys=0.01s Real=0.01s
[2025-06-20T00:45:36.933+0300][1.563s][info][gc          ] GC(4) Concurrent Mark Cycle
[2025-06-20T00:45:36.934+0300][1.563s][info][gc,marking  ] GC(4) Concurrent Clear Claimed Marks
[2025-06-20T00:45:36.934+0300][1.563s][info][gc,marking  ] GC(4) Concurrent Clear Claimed Marks 0.647ms
[2025-06-20T00:45:36.934+0300][1.563s][info][gc,marking  ] GC(4) Concurrent Scan Root Regions
[2025-06-20T00:45:36.937+0300][1.566s][info][gc,marking  ] GC(4) Concurrent Scan Root Regions 2.363ms
[2025-06-20T00:45:36.937+0300][1.566s][info][gc,marking  ] GC(4) Concurrent Mark
[2025-06-20T00:45:36.937+0300][1.566s][info][gc,marking  ] GC(4) Concurrent Mark From Roots
[2025-06-20T00:45:36.937+0300][1.566s][info][gc,task     ] GC(4) Using 3 workers of 3 for marking
[2025-06-20T00:45:36.946+0300][1.576s][info][gc,marking  ] GC(4) Concurrent Mark From Roots 9.651ms
[2025-06-20T00:45:36.946+0300][1.576s][info][gc,marking  ] GC(4) Concurrent Preclean
[2025-06-20T00:45:36.947+0300][1.576s][info][gc,marking  ] GC(4) Concurrent Preclean 0.185ms
[2025-06-20T00:45:36.948+0300][1.577s][info][gc,start    ] GC(4) Pause Remark
[2025-06-20T00:45:36.951+0300][1.581s][info][gc          ] GC(4) Pause Remark 23M->23M(87M) 3.733ms
[2025-06-20T00:45:36.952+0300][1.581s][info][gc,cpu      ] GC(4) User=0.01s Sys=0.01s Real=0.00s
[2025-06-20T00:45:36.952+0300][1.582s][info][gc,marking  ] GC(4) Concurrent Mark 15.737ms
[2025-06-20T00:45:36.952+0300][1.582s][info][gc,marking  ] GC(4) Concurrent Rebuild Remembered Sets
[2025-06-20T00:45:36.960+0300][1.589s][info][gc,marking  ] GC(4) Concurrent Rebuild Remembered Sets 7.297ms
[2025-06-20T00:45:36.960+0300][1.589s][info][gc,start    ] GC(4) Pause Cleanup
[2025-06-20T00:45:36.960+0300][1.589s][info][gc          ] GC(4) Pause Cleanup 24M->24M(87M) 0.198ms
[2025-06-20T00:45:36.960+0300][1.589s][info][gc,cpu      ] GC(4) User=0.00s Sys=0.00s Real=0.00s
[2025-06-20T00:45:36.960+0300][1.590s][info][gc,marking  ] GC(4) Concurrent Cleanup for Next Mark
[2025-06-20T00:45:36.962+0300][1.591s][info][gc,marking  ] GC(4) Concurrent Cleanup for Next Mark 1.176ms
[2025-06-20T00:45:36.962+0300][1.591s][info][gc          ] GC(4) Concurrent Mark Cycle 28.182ms
[2025-06-20T00:45:37.535+0300][2.164s][info][gc,start    ] GC(5) Pause Young (Concurrent Start) (G1 Evacuation Pause)
[2025-06-20T00:45:37.535+0300][2.164s][info][gc,task     ] GC(5) Using 10 workers of 10 for evacuation
[2025-06-20T00:45:37.543+0300][2.172s][info][gc,phases   ] GC(5)   Pre Evacuate Collection Set: 0.2ms
[2025-06-20T00:45:37.543+0300][2.172s][info][gc,phases   ] GC(5)   Merge Heap Roots: 0.2ms
[2025-06-20T00:45:37.543+0300][2.172s][info][gc,phases   ] GC(5)   Evacuate Collection Set: 6.2ms
[2025-06-20T00:45:37.543+0300][2.172s][info][gc,phases   ] GC(5)   Post Evacuate Collection Set: 0.7ms
[2025-06-20T00:45:37.543+0300][2.172s][info][gc,phases   ] GC(5)   Other: 0.2ms
[2025-06-20T00:45:37.543+0300][2.172s][info][gc,heap     ] GC(5) Eden regions: 60->0(36)
[2025-06-20T00:45:37.543+0300][2.172s][info][gc,heap     ] GC(5) Survivor regions: 2->8(8)
[2025-06-20T00:45:37.543+0300][2.172s][info][gc,heap     ] GC(5) Old regions: 19->20
[2025-06-20T00:45:37.543+0300][2.172s][info][gc,heap     ] GC(5) Archive regions: 2->2
[2025-06-20T00:45:37.543+0300][2.172s][info][gc,heap     ] GC(5) Humongous regions: 1->1
[2025-06-20T00:45:37.543+0300][2.172s][info][gc,metaspace] GC(5) Metaspace: 33283K(34560K)->33283K(34560K) NonClass: 28679K(29440K)->28679K(29440K) Class: 4604K(5120K)->4604K(5120K)
[2025-06-20T00:45:37.543+0300][2.172s][info][gc          ] GC(5) Pause Young (Concurrent Start) (G1 Evacuation Pause) 82M->28M(93M) 7.620ms
[2025-06-20T00:45:37.543+0300][2.172s][info][gc,cpu      ] GC(5) User=0.03s Sys=0.02s Real=0.01s
[2025-06-20T00:45:37.543+0300][2.172s][info][gc          ] GC(6) Concurrent Mark Cycle
[2025-06-20T00:45:37.543+0300][2.172s][info][gc,marking  ] GC(6) Concurrent Clear Claimed Marks
[2025-06-20T00:45:37.543+0300][2.172s][info][gc,marking  ] GC(6) Concurrent Clear Claimed Marks 0.056ms
[2025-06-20T00:45:37.543+0300][2.172s][info][gc,marking  ] GC(6) Concurrent Scan Root Regions
[2025-06-20T00:45:37.546+0300][2.175s][info][gc,marking  ] GC(6) Concurrent Scan Root Regions 2.817ms
[2025-06-20T00:45:37.546+0300][2.175s][info][gc,marking  ] GC(6) Concurrent Mark
[2025-06-20T00:45:37.546+0300][2.175s][info][gc,marking  ] GC(6) Concurrent Mark From Roots
[2025-06-20T00:45:37.546+0300][2.175s][info][gc,task     ] GC(6) Using 3 workers of 3 for marking
[2025-06-20T00:45:37.556+0300][2.185s][info][gc,marking  ] GC(6) Concurrent Mark From Roots 10.075ms
[2025-06-20T00:45:37.556+0300][2.185s][info][gc,marking  ] GC(6) Concurrent Preclean
[2025-06-20T00:45:37.556+0300][2.185s][info][gc,marking  ] GC(6) Concurrent Preclean 0.180ms
[2025-06-20T00:45:37.556+0300][2.185s][info][gc,start    ] GC(6) Pause Remark
[2025-06-20T00:45:37.558+0300][2.188s][info][gc          ] GC(6) Pause Remark 31M->31M(93M) 2.389ms
[2025-06-20T00:45:37.559+0300][2.188s][info][gc,cpu      ] GC(6) User=0.01s Sys=0.00s Real=0.00s
[2025-06-20T00:45:37.559+0300][2.188s][info][gc,marking  ] GC(6) Concurrent Mark 12.968ms
[2025-06-20T00:45:37.559+0300][2.188s][info][gc,marking  ] GC(6) Concurrent Rebuild Remembered Sets
[2025-06-20T00:45:37.563+0300][2.192s][info][gc,marking  ] GC(6) Concurrent Rebuild Remembered Sets 4.437ms
[2025-06-20T00:45:37.563+0300][2.193s][info][gc,start    ] GC(6) Pause Cleanup
[2025-06-20T00:45:37.564+0300][2.193s][info][gc          ] GC(6) Pause Cleanup 31M->31M(93M) 0.246ms
[2025-06-20T00:45:37.564+0300][2.193s][info][gc,cpu      ] GC(6) User=0.00s Sys=0.00s Real=0.00s
[2025-06-20T00:45:37.564+0300][2.193s][info][gc,marking  ] GC(6) Concurrent Cleanup for Next Mark
[2025-06-20T00:45:37.564+0300][2.193s][info][gc,marking  ] GC(6) Concurrent Cleanup for Next Mark 0.533ms
[2025-06-20T00:45:37.564+0300][2.193s][info][gc          ] GC(6) Concurrent Mark Cycle 21.505ms
[2025-06-20T00:45:37.564+0300][2.194s][info][gc,heap,exit] Heap
[2025-06-20T00:45:37.564+0300][2.194s][info][gc,heap,exit]  garbage-first heap   total 95232K, used 32324K [0x0000000086200000, 0x0000000100000000)
[2025-06-20T00:45:37.564+0300][2.194s][info][gc,heap,exit]   region size 1024K, 11 young (11264K), 8 survivors (8192K)
[2025-06-20T00:45:37.564+0300][2.194s][info][gc,heap,exit]  Metaspace       used 33403K, committed 34688K, reserved 1114112K
[2025-06-20T00:45:37.564+0300][2.194s][info][gc,heap,exit]   class space    used 4624K, committed 5120K, reserved 1048576K
